../Core/Src/stm32f0xx_flash.c:128:6:FLASH_SetLatency	8	static
../Core/Src/stm32f0xx_flash.c:152:6:FLASH_PrefetchBufferCmd	8	static
../Core/Src/stm32f0xx_flash.c:172:12:FLASH_GetPrefetchBufferStatus	0	static
../Core/Src/stm32f0xx_flash.c:225:6:FLASH_Unlock	0	static
../Core/Src/stm32f0xx_flash.c:240:6:FLASH_Lock	0	static
../Core/Src/stm32f0xx_flash.c:475:6:FLASH_OB_Unlock	0	static
../Core/Src/stm32f0xx_flash.c:490:6:FLASH_OB_Lock	0	static
../Core/Src/stm32f0xx_flash.c:501:6:FLASH_OB_Launch	0	static
../Core/Src/stm32f0xx_flash.c:1041:9:FLASH_OB_GetUser	0	static
../Core/Src/stm32f0xx_flash.c:1052:10:FLASH_OB_GetWRP	0	static
../Core/Src/stm32f0xx_flash.c:1063:12:FLASH_OB_GetRDP	0	static
../Core/Src/stm32f0xx_flash.c:1103:6:FLASH_ITConfig	16	static
../Core/Src/stm32f0xx_flash.c:1131:12:FLASH_GetFlagStatus	8	static
../Core/Src/stm32f0xx_flash.c:1159:6:FLASH_ClearFlag	8	static
../Core/Src/stm32f0xx_flash.c:1174:14:FLASH_GetStatus	0	static
../Core/Src/stm32f0xx_flash.c:1211:14:FLASH_WaitForLastOperation	8	static
../Core/Src/stm32f0xx_flash.c:257:14:FLASH_ErasePage	16	static
../Core/Src/stm32f0xx_flash.c:294:14:FLASH_EraseAllPages	16	static
../Core/Src/stm32f0xx_flash.c:328:14:FLASH_ProgramWord	32	static
../Core/Src/stm32f0xx_flash.c:385:14:FLASH_ProgramHalfWord	24	static
../Core/Src/stm32f0xx_flash.c:517:14:FLASH_OB_Erase	16	static
../Core/Src/stm32f0xx_flash.c:660:14:FLASH_OB_RDPConfig	16	static
../Core/Src/stm32f0xx_flash.c:728:14:FLASH_OB_UserConfig	24	static
../Core/Src/stm32f0xx_flash.c:768:14:FLASH_OB_BOOTConfig	16	static
../Core/Src/stm32f0xx_flash.c:807:14:FLASH_OB_BOOT0Config	16	static
../Core/Src/stm32f0xx_flash.c:846:14:FLASH_OB_BOOT0SWConfig	16	static
../Core/Src/stm32f0xx_flash.c:884:14:FLASH_OB_VDDAConfig	16	static
../Core/Src/stm32f0xx_flash.c:922:14:FLASH_OB_SRAMParityConfig	16	static
../Core/Src/stm32f0xx_flash.c:971:14:FLASH_OB_WriteUser	16	static
../Core/Src/stm32f0xx_flash.c:1010:14:FLASH_OB_ProgramData	24	static
