../Drivers/CMSIS/Include/core_cm0.h:623:22:__NVIC_EnableIRQ	16	static
../Drivers/CMSIS/Include/core_cm0.h:659:22:__NVIC_DisableIRQ	16	static,ignoring_inline_asm
../Drivers/CMSIS/Include/core_cm0.h:730:22:__NVIC_SetPriority	24	static
../Drivers/CMSIS/Include/core_cm0.h:856:34:__NVIC_SystemReset	8	static,ignoring_inline_asm
../Drivers/CMSIS/Include/core_cm0.h:920:26:SysTick_Config	16	static
../Drivers/STM32F0xx_HAL_Driver/Inc/stm32f0xx_ll_crc.h:160:22:LL_CRC_ResetCRCCalculationUnit	16	static
../Drivers/STM32F0xx_HAL_Driver/Inc/stm32f0xx_ll_crc.h:359:22:LL_CRC_FeedData8	16	static
../Drivers/STM32F0xx_HAL_Driver/Inc/stm32f0xx_ll_crc.h:370:26:LL_CRC_ReadData32	16	static
../Drivers/STM32F0xx_HAL_Driver/Inc/stm32f0xx_ll_i2c.h:429:22:LL_I2C_Enable	16	static
../Drivers/STM32F0xx_HAL_Driver/Inc/stm32f0xx_ll_i2c.h:443:22:LL_I2C_Disable	16	static
../Drivers/STM32F0xx_HAL_Driver/Inc/stm32f0xx_ll_i2c.h:1355:22:LL_I2C_EnableIT_ADDR	16	static
../Drivers/STM32F0xx_HAL_Driver/Inc/stm32f0xx_ll_i2c.h:1366:22:LL_I2C_DisableIT_ADDR	16	static
../Drivers/STM32F0xx_HAL_Driver/Inc/stm32f0xx_ll_i2c.h:1893:22:LL_I2C_DisableAutoEndMode	16	static
../Drivers/STM32F0xx_HAL_Driver/Inc/stm32f0xx_ll_rcc.h:746:22:LL_RCC_HSI_Enable	8	static
../Drivers/STM32F0xx_HAL_Driver/Inc/stm32f0xx_ll_rcc.h:766:26:LL_RCC_HSI_IsReady	8	static
../Drivers/STM32F0xx_HAL_Driver/Inc/stm32f0xx_ll_rcc.h:792:22:LL_RCC_HSI_SetCalibTrimming	16	static
../Drivers/STM32F0xx_HAL_Driver/Inc/stm32f0xx_ll_rcc.h:1098:22:LL_RCC_SetSysClkSource	16	static
../Drivers/STM32F0xx_HAL_Driver/Inc/stm32f0xx_ll_rcc.h:1114:26:LL_RCC_GetSysClkSource	8	static
../Drivers/STM32F0xx_HAL_Driver/Inc/stm32f0xx_ll_rcc.h:1134:22:LL_RCC_SetAHBPrescaler	16	static
../Drivers/STM32F0xx_HAL_Driver/Inc/stm32f0xx_ll_rcc.h:1150:22:LL_RCC_SetAPB1Prescaler	16	static
../Drivers/STM32F0xx_HAL_Driver/Inc/stm32f0xx_ll_rcc.h:1284:22:LL_RCC_SetI2CClockSource	16	static
../Drivers/STM32F0xx_HAL_Driver/Inc/stm32f0xx_ll_bus.h:413:22:LL_APB1_GRP1_EnableClock	24	static
../Drivers/STM32F0xx_HAL_Driver/Inc/stm32f0xx_ll_bus.h:663:22:LL_APB1_GRP2_EnableClock	24	static
../Drivers/STM32F0xx_HAL_Driver/Inc/stm32f0xx_ll_system.h:1778:22:LL_FLASH_SetLatency	16	static
../Drivers/STM32F0xx_HAL_Driver/Inc/stm32f0xx_ll_system.h:1790:26:LL_FLASH_GetLatency	8	static
../Core/Src/main.c:124:10:time_stick_get	8	static
../Core/Src/main.c:129:10:My_CRC	24	static
../Core/Src/main.c:140:9:compute_fw_crc32	24	static
../Core/Src/main.c:160:6:I2C1_IRQHandler	16	static
../Core/Src/main.c:238:6:Reset_AllPeriph	8	static
../Core/Src/main.c:257:6:Jump_APP	16	static,ignoring_inline_asm
../Core/Src/main.c:275:6:Write_Code	40	static
../Core/Src/main.c:333:6:iap_i2c	8	static
../Core/Src/main.c:378:5:main	16	static
../Core/Src/main.c:435:6:SystemClock_Config	8	static
../Core/Src/main.c:471:6:Error_Handler	8	static,ignoring_inline_asm
../Core/Src/main.c:490:6:assert_failed	16	static
