../Drivers/STM32F0xx_HAL_Driver/Src/stm32f0xx_ll_utils.c:141:6:LL_Init1msTick	8	static
../Drivers/STM32F0xx_HAL_Driver/Src/stm32f0xx_ll_utils.c:157:6:LL_mDelay	8	static
../Drivers/STM32F0xx_HAL_Driver/Src/stm32f0xx_ll_utils.c:213:6:LL_SetSystemCoreClock	0	static
../Drivers/STM32F0xx_HAL_Driver/Src/stm32f0xx_ll_utils.c:228:13:LL_SetFlashLatency	8	static
../Drivers/STM32F0xx_HAL_Driver/Src/stm32f0xx_ll_utils.c:550:20:UTILS_EnablePLLAndSwitchSystem	32	static
../Drivers/STM32F0xx_HAL_Driver/Src/stm32f0xx_ll_utils.c:295:13:LL_PLL_ConfigSystemClock_HSI	16	static
../Drivers/STM32F0xx_HAL_Driver/Src/stm32f0xx_ll_utils.c:420:13:LL_PLL_ConfigSystemClock_HSE	24	static
