../Drivers/STM32F0xx_HAL_Driver/Inc/stm32f0xx_ll_gpio.h:267:22:LL_GPIO_SetPinMode	24	static
../Drivers/STM32F0xx_HAL_Driver/Inc/stm32f0xx_ll_gpio.h:335:22:LL_GPIO_SetPinOutputType	24	static
../Drivers/STM32F0xx_HAL_Driver/Inc/stm32f0xx_ll_gpio.h:405:22:LL_GPIO_SetPinSpeed	24	static
../Drivers/STM32F0xx_HAL_Driver/Inc/stm32f0xx_ll_gpio.h:473:22:LL_GPIO_SetPinPull	24	static
../Drivers/STM32F0xx_HAL_Driver/Inc/stm32f0xx_ll_gpio.h:536:22:LL_GPIO_SetAFPin_0_7	24	static
../Drivers/STM32F0xx_HAL_Driver/Inc/stm32f0xx_ll_gpio.h:597:22:LL_GPIO_SetAFPin_8_15	24	static
../Drivers/STM32F0xx_HAL_Driver/Inc/stm32f0xx_ll_bus.h:328:22:LL_AHB1_GRP1_ForceReset	16	static
../Drivers/STM32F0xx_HAL_Driver/Inc/stm32f0xx_ll_bus.h:355:22:LL_AHB1_GRP1_ReleaseReset	16	static
../Drivers/STM32F0xx_HAL_Driver/Src/stm32f0xx_ll_gpio.c:111:13:LL_GPIO_DeInit	24	static
../Drivers/STM32F0xx_HAL_Driver/Src/stm32f0xx_ll_gpio.c:172:13:LL_GPIO_Init	24	static
../Drivers/STM32F0xx_HAL_Driver/Src/stm32f0xx_ll_gpio.c:245:6:LL_GPIO_StructInit	16	static
