../Drivers/STM32F0xx_HAL_Driver/Inc/stm32f0xx_ll_rcc.h:698:22:LL_RCC_HSE_DisableBypass	8	static
../Drivers/STM32F0xx_HAL_Driver/Inc/stm32f0xx_ll_rcc.h:746:22:LL_RCC_HSI_Enable	8	static
../Drivers/STM32F0xx_HAL_Driver/Inc/stm32f0xx_ll_rcc.h:766:26:LL_RCC_HSI_IsReady	8	static
../Drivers/STM32F0xx_HAL_Driver/Inc/stm32f0xx_ll_rcc.h:792:22:LL_RCC_HSI_SetCalibTrimming	16	static
../Drivers/STM32F0xx_HAL_Driver/Inc/stm32f0xx_ll_rcc.h:881:22:LL_RCC_HSI14_Disable	8	static
../Drivers/STM32F0xx_HAL_Driver/Inc/stm32f0xx_ll_rcc.h:901:22:LL_RCC_HSI14_EnableADCControl	8	static
../Drivers/STM32F0xx_HAL_Driver/Inc/stm32f0xx_ll_rcc.h:925:22:LL_RCC_HSI14_SetCalibTrimming	16	static
../Drivers/STM32F0xx_HAL_Driver/Inc/stm32f0xx_ll_rcc.h:1035:26:LL_RCC_LSE_IsReady	8	static
../Drivers/STM32F0xx_HAL_Driver/Inc/stm32f0xx_ll_rcc.h:1114:26:LL_RCC_GetSysClkSource	8	static
../Drivers/STM32F0xx_HAL_Driver/Inc/stm32f0xx_ll_rcc.h:1169:26:LL_RCC_GetAHBPrescaler	8	static
../Drivers/STM32F0xx_HAL_Driver/Inc/stm32f0xx_ll_rcc.h:1184:26:LL_RCC_GetAPB1Prescaler	8	static
../Drivers/STM32F0xx_HAL_Driver/Inc/stm32f0xx_ll_rcc.h:1349:26:LL_RCC_GetUSARTClockSource	16	static
../Drivers/STM32F0xx_HAL_Driver/Inc/stm32f0xx_ll_rcc.h:1363:26:LL_RCC_GetI2CClockSource	16	static
../Drivers/STM32F0xx_HAL_Driver/Inc/stm32f0xx_ll_rcc.h:1526:26:LL_RCC_PLL_IsReady	8	static
../Drivers/STM32F0xx_HAL_Driver/Inc/stm32f0xx_ll_rcc.h:1664:26:LL_RCC_PLL_GetMainSource	8	static
../Drivers/STM32F0xx_HAL_Driver/Inc/stm32f0xx_ll_rcc.h:1689:26:LL_RCC_PLL_GetMultiplicator	8	static
../Drivers/STM32F0xx_HAL_Driver/Inc/stm32f0xx_ll_rcc.h:1716:26:LL_RCC_PLL_GetPrediv	8	static
../Drivers/STM32F0xx_HAL_Driver/Inc/stm32f0xx_ll_rcc.h:1980:22:LL_RCC_ClearResetFlags	8	static
../Drivers/STM32F0xx_HAL_Driver/Src/stm32f0xx_ll_rcc.c:110:13:LL_RCC_DeInit	16	static
../Drivers/STM32F0xx_HAL_Driver/Src/stm32f0xx_ll_rcc.c:225:6:LL_RCC_GetSystemClocksFreq	16	static
../Drivers/STM32F0xx_HAL_Driver/Src/stm32f0xx_ll_rcc.c:248:10:LL_RCC_GetUSARTClockFreq	24	static
../Drivers/STM32F0xx_HAL_Driver/Src/stm32f0xx_ll_rcc.c:360:10:LL_RCC_GetI2CClockFreq	24	static
../Drivers/STM32F0xx_HAL_Driver/Src/stm32f0xx_ll_rcc.c:489:10:RCC_GetSystemClockFreq	16	static
../Drivers/STM32F0xx_HAL_Driver/Src/stm32f0xx_ll_rcc.c:527:10:RCC_GetHCLKClockFreq	16	static
../Drivers/STM32F0xx_HAL_Driver/Src/stm32f0xx_ll_rcc.c:538:10:RCC_GetPCLK1ClockFreq	16	static
../Drivers/STM32F0xx_HAL_Driver/Src/stm32f0xx_ll_rcc.c:547:10:RCC_PLL_GetFreqDomain_SYS	24	static
