../Drivers/STM32F0xx_HAL_Driver/Inc/stm32f0xx_ll_dma.h:655:22:LL_DMA_ConfigTransfer	24	static
../Drivers/STM32F0xx_HAL_Driver/Inc/stm32f0xx_ll_dma.h:1008:22:LL_DMA_SetDataLength	24	static
../Drivers/STM32F0xx_HAL_Driver/Inc/stm32f0xx_ll_dma.h:1093:22:LL_DMA_SetMemoryAddress	24	static
../Drivers/STM32F0xx_HAL_Driver/Inc/stm32f0xx_ll_dma.h:1115:22:LL_DMA_SetPeriphAddress	24	static
../Drivers/STM32F0xx_HAL_Driver/Inc/stm32f0xx_ll_dma.h:1674:22:LL_DMA_ClearFlag_GI1	16	static
../Drivers/STM32F0xx_HAL_Driver/Inc/stm32f0xx_ll_dma.h:1689:22:LL_DMA_ClearFlag_GI2	16	static
../Drivers/STM32F0xx_HAL_Driver/Inc/stm32f0xx_ll_dma.h:1704:22:LL_DMA_ClearFlag_GI3	16	static
../Drivers/STM32F0xx_HAL_Driver/Inc/stm32f0xx_ll_dma.h:1719:22:LL_DMA_ClearFlag_GI4	16	static
../Drivers/STM32F0xx_HAL_Driver/Inc/stm32f0xx_ll_dma.h:1734:22:LL_DMA_ClearFlag_GI5	16	static
../Drivers/STM32F0xx_HAL_Driver/Src/stm32f0xx_ll_dma.c:187:10:LL_DMA_DeInit	24	static
../Drivers/STM32F0xx_HAL_Driver/Src/stm32f0xx_ll_dma.c:286:10:LL_DMA_Init	24	static
../Drivers/STM32F0xx_HAL_Driver/Src/stm32f0xx_ll_dma.c:358:6:LL_DMA_StructInit	16	static
